<html>
<body>
<pre>
<h1>礦ision Build Log</h1>
<h2>Tool Versions:</h2>
IDE-Version: μVision V5.25.3.0
Copyright (C) 2018 ARM Ltd and ARM Germany GmbH. All rights reserved.
License Information: Minghan Li, SUES, LIC=KRMW3-A7L25-Y86FK-Z2Z4A-AWNZA-522DD
 
Tool Versions:
Toolchain:       MDK-ARM Plus  Version: 5.34.0.0
Toolchain Path:  E:\keil5\Core\ARM\ARMCC\Bin
C Compiler:      Armcc.exe V5.06 update 7 (build 960)
Assembler:       Armasm.exe V5.06 update 7 (build 960)
Linker/Locator:  ArmLink.exe V5.06 update 7 (build 960)
Library Manager: ArmAr.exe V5.06 update 7 (build 960)
Hex Converter:   FromElf.exe V5.06 update 7 (build 960)
CPU DLL:         SARMCM3.DLL V5.34.0.0
Dialog DLL:      DARMSTM.DLL V1.68.0.0
Target DLL:      STLink\ST-LINKIII-KEIL_SWO.dll V3.0.8.0
Dialog DLL:      TARMSTM.DLL V1.66.0.0
 
<h2>Project:</h2>
D:\个人\竞赛文档\西门子\指纹锁 原始版\keil\YT32B1_STM32F103_demo.uvprojx
Project File Date:  07/14/2024

<h2>Output:</h2>
*** Using Compiler 'V5.06 update 7 (build 960)', folder: 'E:\keil5\Core\ARM\ARMCC\Bin'
Rebuild target 'Target 1'
compiling core_cm3.c...
compiling system_stm32f10x.c...
compiling stm32f10x_rtc.c...
compiling stm32f10x_pwr.c...
compiling stm32f10x_bkp.c...
compiling stm32f10x_rcc.c...
compiling misc.c...
compiling stm32f10x_gpio.c...
compiling stm32f10x_i2c.c...
compiling stm32f10x_usart.c...
compiling stm32f10x_flash.c...
compiling stm32f10x_exti.c...
assembling startup_stm32f10x_md.s...
compiling stm32f10x_tim.c...
compiling timer.c...
compiling stm32f10x_it.c...
compiling delay.c...
compiling usart2.c...
compiling main.c...
.\Hardware\BEEP\BEEP.h(19): warning:  #1295-D: Deprecated declaration BEEP_ON - give arg types
  void BEEP_ON( );   //蜂鸣器响
.\Hardware\SG90\SG90.h(12): warning:  #1295-D: Deprecated declaration steer - give arg types
  void steer();	 				    
User\main.c(332): warning:  #177-D: variable "str"  was declared but never referenced
  	char *str;
User\main.c(477): warning:  #223-D: function "RCC_Configuration" declared implicitly
    RCC_Configuration(); //时钟设置
User\main.c(484): warning:  #223-D: function "usart3_init" declared implicitly
  	usart3_init(9600); 
User\main.c(532): warning:  #174-D: expression has no effect
  			mark1==0;
User\main.c(537): warning:  #174-D: expression has no effect
  			Add_flag==0; //添加指纹标志去除
User\main.c(473): warning:  #177-D: variable "i"  was declared but never referenced
  	unsigned char i;
User\main.c(474): warning:  #177-D: variable "j"  was declared but never referenced
  	int j,m=128;
User\main.c(476): warning:  #177-D: variable "angle"  was declared but never referenced
  	u16 angle;
User\main.c: 10 warnings, 0 errors
compiling usart.c...
compiling flash.c...
compiling NVIC.c...
compiling sys.c...
Basic\sys\sys.c(65): warning:  #1-D: last line of file ends without a newline
  }
Basic\sys\sys.c: 1 warning, 0 errors
compiling OLED_I2C.c...
compiling usart3.c...
compiling BEEP.c...
Hardware\BEEP\BEEP.h(19): warning:  #1295-D: Deprecated declaration BEEP_ON - give arg types
  void BEEP_ON( );   //蜂鸣器响
Hardware\BEEP\BEEP.c(46): warning:  #1-D: last line of file ends without a newline
  }
Hardware\BEEP\BEEP.c: 2 warnings, 0 errors
compiling led.c...
compiling as608.c...
.\Hardware\BEEP\BEEP.h(19): warning:  #1295-D: Deprecated declaration BEEP_ON - give arg types
  void BEEP_ON( );   //蜂鸣器响
Hardware\as608\as608.c: 1 warning, 0 errors
compiling SG90.c...
Hardware\SG90\SG90.h(12): warning:  #1295-D: Deprecated declaration steer - give arg types
  void steer();	 				    
Hardware\SG90\SG90.c: 1 warning, 0 errors
linking...
Program Size: Code=20476 RO-data=2380 RW-data=1280 ZI-data=2832  
FromELF: creating hex file...
".\YT32B1_STM32F103_demo.axf" - 0 Error(s), 15 Warning(s).

<h2>Software Packages used:</h2>

Package Vendor: ARM
                http://www.keil.com/pack/ARM.CMSIS.5.7.0.pack
                ARM.CMSIS.5.7.0
                CMSIS (Cortex Microcontroller Software Interface Standard)
   * Component: CORE Version: 5.4.0

Package Vendor: Keil
                https://www.keil.com/pack/Keil.STM32F1xx_DFP.2.4.1.pack
                Keil.STM32F1xx_DFP.2.4.1
                STMicroelectronics STM32F1 Series Device Support, Drivers and Examples

<h2>Collection of Component include folders:</h2>
  .\RTE\_Target_1
  E:\keil5\Packs\ARM\CMSIS\5.7.0\CMSIS\Core\Include
  E:\keil5\Packs\Keil\STM32F1xx_DFP\2.4.1\Device\Include

<h2>Collection of Component Files used:</h2>

   * Component: ARM::CMSIS:CORE:5.4.0
Build Time Elapsed:  00:00:04
</pre>
</body>
</html>
